Traceback (most recent call last):
  File "C:\Users\kamalsharma\Desktop\flood_prediction\src\train.py", line 263, in <module>
    main()
    ~~~~^^
  File "C:\Users\kamalsharma\Desktop\flood_prediction\src\train.py", line 249, in main
    all_metrics.append(evaluate_model(name, pipeline, x_train, x_test, y_train, y_test, outputs))
                       ~~~~~~~~~~~~~~^^^^^^^^^^^^^^^^^^^^^^^^^^^^^^^^^^^^^^^^^^^^^^^^^^^^^^^^^^^
  File "C:\Users\kamalsharma\Desktop\flood_prediction\src\train.py", line 196, in evaluate_model
    pipeline.fit(x_train, y_train)
    ~~~~~~~~~~~~^^^^^^^^^^^^^^^^^^
  File "C:\Users\kamalsharma\AppData\Local\Programs\Python\Python313\Lib\site-packages\sklearn\base.py", line 1403, in wrapper
    return fit_method(estimator, *args, **kwargs)
  File "C:\Users\kamalsharma\AppData\Local\Programs\Python\Python313\Lib\site-packages\sklearn\pipeline.py", line 649, in fit
    self._final_estimator.fit(Xt, y, **last_step_params["fit"])
    ~~~~~~~~~~~~~~~~~~~~~~~~~^^^^^^^^^^^^^^^^^^^^^^^^^^^^^^^^^^
  File "C:\Users\kamalsharma\AppData\Local\Programs\Python\Python313\Lib\site-packages\sklearn\base.py", line 1403, in wrapper
    return fit_method(estimator, *args, **kwargs)
  File "C:\Users\kamalsharma\AppData\Local\Programs\Python\Python313\Lib\site-packages\sklearn\ensemble\_forest.py", line 468, in fit
    trees = Parallel(
    ...<2 lines>...
        prefer="threads",
    )(
        delayed(_parallel_build_trees)(
    ...<12 lines>...
        for i, t in enumerate(trees)
    )
  File "C:\Users\kamalsharma\AppData\Local\Programs\Python\Python313\Lib\site-packages\sklearn\utils\parallel.py", line 91, in __call__
    return super().__call__(iterable_with_config_and_warning_filters)
           ~~~~~~~~~~~~~~~~^^^^^^^^^^^^^^^^^^^^^^^^^^^^^^^^^^^^^^^^^^
  File "C:\Users\kamalsharma\AppData\Local\Programs\Python\Python313\Lib\site-packages\joblib\parallel.py", line 2070, in __call__
    next(output)
    ~~~~^^^^^^^^
  File "C:\Users\kamalsharma\AppData\Local\Programs\Python\Python313\Lib\site-packages\joblib\parallel.py", line 1675, in _get_outputs
    self._start(iterator, pre_dispatch)
    ~~~~~~~~~~~^^^^^^^^^^^^^^^^^^^^^^^^
  File "C:\Users\kamalsharma\AppData\Local\Programs\Python\Python313\Lib\site-packages\joblib\parallel.py", line 1658, in _start
    if self.dispatch_one_batch(iterator):
       ~~~~~~~~~~~~~~~~~~~~~~~^^^^^^^^^^
  File "C:\Users\kamalsharma\AppData\Local\Programs\Python\Python313\Lib\site-packages\joblib\parallel.py", line 1540, in dispatch_one_batch
    self._dispatch(tasks)
    ~~~~~~~~~~~~~~^^^^^^^
  File "C:\Users\kamalsharma\AppData\Local\Programs\Python\Python313\Lib\site-packages\joblib\parallel.py", line 1437, in _dispatch
    job = self._backend.submit(batch, callback=batch_tracker)
  File "C:\Users\kamalsharma\AppData\Local\Programs\Python\Python313\Lib\site-packages\joblib\_parallel_backends.py", line 339, in submit
    return self._get_pool().apply_async(
           ~~~~~~~~~~~~~~^^
  File "C:\Users\kamalsharma\AppData\Local\Programs\Python\Python313\Lib\site-packages\joblib\_parallel_backends.py", line 507, in _get_pool
    self._pool = ThreadPool(self._n_jobs)
                 ~~~~~~~~~~^^^^^^^^^^^^^^
  File "C:\Users\kamalsharma\AppData\Local\Programs\Python\Python313\Lib\multiprocessing\pool.py", line 930, in __init__
    Pool.__init__(self, processes, initializer, initargs)
    ~~~~~~~~~~~~~^^^^^^^^^^^^^^^^^^^^^^^^^^^^^^^^^^^^^^^^
  File "C:\Users\kamalsharma\AppData\Local\Programs\Python\Python313\Lib\multiprocessing\pool.py", line 196, in __init__
    self._change_notifier = self._ctx.SimpleQueue()
                            ~~~~~~~~~~~~~~~~~~~~~^^
  File "C:\Users\kamalsharma\AppData\Local\Programs\Python\Python313\Lib\multiprocessing\context.py", line 113, in SimpleQueue
    return SimpleQueue(ctx=self.get_context())
  File "C:\Users\kamalsharma\AppData\Local\Programs\Python\Python313\Lib\multiprocessing\queues.py", line 360, in __init__
    self._reader, self._writer = connection.Pipe(duplex=False)
                                 ~~~~~~~~~~~~~~~^^^^^^^^^^^^^^
  File "C:\Users\kamalsharma\AppData\Local\Programs\Python\Python313\Lib\multiprocessing\connection.py", line 575, in Pipe
    h2 = _winapi.CreateFile(
        address, access, 0, _winapi.NULL, _winapi.OPEN_EXISTING,
        _winapi.FILE_FLAG_OVERLAPPED, _winapi.NULL
        )
PermissionError: [WinError 5] Access is denied
